[INFO] Scanning for projects...
[INFO] 
[INFO] -----------------< com.example:subscription-platform >------------------
[INFO] Building subscription-platform 0.0.1-SNAPSHOT
[INFO]   from pom.xml
[INFO] --------------------------------[ jar ]---------------------------------
[INFO] 
[INFO] --- resources:3.3.1:resources (default-resources) @ subscription-platform ---
[INFO] Copying 1 resource from src\main\resources to target\classes
[INFO] Copying 4 resources from src\main\resources to target\classes
[INFO] 
[INFO] --- compiler:3.14.1:compile (default-compile) @ subscription-platform ---
[INFO] Nothing to compile - all classes are up to date.
[INFO] ------------------------------------------------------------------------
[INFO] BUILD SUCCESS
[INFO] ------------------------------------------------------------------------
[INFO] Total time:  1.218 s
[INFO] Finished at: 2026-01-24T19:35:46+05:30
[INFO] ------------------------------------------------------------------------
